[htmldemo.net/malias/malias/index.html]
[backblue.gif]
[fade.gif]
[index.html]
[htmldemo.net/malias/malias/img/favicon.ico]
[htmldemo.net/malias/malias/css/bootstrap.min.css]
[htmldemo.net/malias/malias/css/font-awesome.min.css]
[htmldemo.net/malias/malias/css/owl.carousel.css]
[htmldemo.net/malias/malias/lib/css/nivo-slider.css]
[htmldemo.net/malias/malias/css/meanmenu.min.css]
[htmldemo.net/malias/malias/css/jquery-ui.css]
[htmldemo.net/malias/malias/css/animate.css]
[htmldemo.net/malias/malias/css/main.css]
[htmldemo.net/malias/malias/style.css]
[htmldemo.net/malias/malias/css/responsive.css]
[htmldemo.net/malias/malias/img/flags/gb.png]
[htmldemo.net/malias/malias/img/flags/fr.png]
[htmldemo.net/malias/malias/my-account.html]
[htmldemo.net/malias/malias/wishlist.html]
[htmldemo.net/malias/malias/checkout.html]
[htmldemo.net/malias/malias/account.html]
[htmldemo.net/malias/malias/img/logo.png]
[htmldemo.net/malias/malias/cart.html]
[htmldemo.net/malias/malias/img/product/total-cart.jpg]
[htmldemo.net/malias/malias/img/product/total-cart2.jpg]
[htmldemo.net/malias/malias/about.html]
[htmldemo.net/malias/malias/index-2.html]
[htmldemo.net/malias/malias/shop.html]
[htmldemo.net/malias/malias/shop-list.html]
[htmldemo.net/malias/malias/product-details.html]
[htmldemo.net/malias/malias/contact.html]
[htmldemo.net/malias/malias/login.html]
[htmldemo.net/malias/malias/img/megamenu/vmega_blog1.jpg]
[htmldemo.net/malias/malias/img/sliders/slider-1/bg1.jpg]
[htmldemo.net/malias/malias/img/sliders/slider-1/bg2.jpg]
[htmldemo.net/malias/malias/img/sliders/slider-1/bg3.jpg]
[htmldemo.net/malias/malias/img/hot-deals/1.jpg]
[htmldemo.net/malias/malias/img/hot-deals/2.jpg]
[htmldemo.net/malias/malias/img/hot-deals/3.jpg]
[htmldemo.net/malias/malias/img/product/small/1.jpg]
[htmldemo.net/malias/malias/img/product/small/2.jpg]
[htmldemo.net/malias/malias/img/product/small/3.jpg]
[htmldemo.net/malias/malias/img/product/small/4.jpg]
[htmldemo.net/malias/malias/img/product/small/5.jpg]
[htmldemo.net/malias/malias/img/product/small/6.jpg]
[htmldemo.net/malias/malias/img/product/small/7.jpg]
[htmldemo.net/malias/malias/img/product/small/8.jpg]
[htmldemo.net/malias/malias/img/banner/1.jpg]
[htmldemo.net/malias/malias/img/banner/2.jpg]
[htmldemo.net/malias/malias/img/posts/1.jpg]
[htmldemo.net/malias/malias/img/posts/2.jpg]
[htmldemo.net/malias/malias/img/posts/3.jpg]
[htmldemo.net/malias/malias/img/posts/4.jpg]
[htmldemo.net/malias/malias/img/banner/3.jpg]
[htmldemo.net/malias/malias/img/banner/4.jpg]
[htmldemo.net/malias/malias/img/product/mediam/12.jpg]
[htmldemo.net/malias/malias/img/product/mediam/12bg.jpg]
[htmldemo.net/malias/malias/img/product/mediam/2.jpg]
[htmldemo.net/malias/malias/img/product/mediam/2bg.jpg]
[htmldemo.net/malias/malias/img/product/mediam/5.jpg]
[htmldemo.net/malias/malias/img/product/mediam/3bg.jpg]
[htmldemo.net/malias/malias/img/product/mediam/6.jpg]
[htmldemo.net/malias/malias/img/product/mediam/4bg.jpg]
[htmldemo.net/malias/malias/img/product/mediam/3.jpg]
[htmldemo.net/malias/malias/img/product/mediam/1.jpg]
[htmldemo.net/malias/malias/img/product/mediam/1bg.jpg]
[htmldemo.net/malias/malias/img/product/mediam/4.jpg]
[htmldemo.net/malias/malias/img/product/mediam/10.jpg]
[htmldemo.net/malias/malias/img/product/mediam/10bg.jpg]
[htmldemo.net/malias/malias/img/product/mediam/13.jpg]
[htmldemo.net/malias/malias/img/banner/5.jpg]
[htmldemo.net/malias/malias/img/banner/6.jpg]
[htmldemo.net/malias/malias/img/brand/1.png]
[htmldemo.net/malias/malias/img/brand/2.png]
[htmldemo.net/malias/malias/img/brand/3.png]
[htmldemo.net/malias/malias/img/brand/4.png]
[htmldemo.net/malias/malias/img/brand/5.png]
[htmldemo.net/malias/malias/img/brand/6.png]
[htmldemo.net/malias/malias/wishlist]
[htmldemo.net/malias/malias/img/payment.png]
[htmldemo.net/malias/malias/img/product/quickview-photo.jpg]
[htmldemo.net/malias/malias/js/vendor/modernizr-2.8.3.min.js]
[htmldemo.net/malias/malias/js/vendor/jquery-1.12.4.min.js]
[htmldemo.net/malias/malias/js/popper.min.js]
[htmldemo.net/malias/malias/js/bootstrap.min.js]
[htmldemo.net/malias/malias/js/wow.min.js]
[htmldemo.net/malias/malias/js/jquery.meanmenu.js]
[htmldemo.net/malias/malias/js/owl.carousel.min.js]
[htmldemo.net/malias/malias/js/jquery.scrollUp.min.js]
[htmldemo.net/malias/malias/js/countdon.min.js]
[htmldemo.net/malias/malias/js/jquery-price-slider.js]
[htmldemo.net/malias/malias/lib/js/jquery.nivo.slider.js]
[htmldemo.net/malias/malias/js/jquery.zoom.min.js]
[htmldemo.net/malias/malias/js/plugins.js]
[htmldemo.net/malias/malias/index.html]
[htmldemo.net/malias/malias/css/bootstrap.min.css]
[htmldemo.net/malias/malias/js/main.js]
[htmldemo.net/malias/malias/fonts/fontawesome-webfont3295.eot]
[htmldemo.net/malias/malias/fonts/fontawesome-webfontd41d.eot]
[htmldemo.net/malias/malias/fonts/fontawesome-webfont3295.woff2]
[htmldemo.net/malias/malias/fonts/fontawesome-webfont3295.woff]
[htmldemo.net/malias/malias/fonts/fontawesome-webfont3295.ttf]
[htmldemo.net/malias/malias/css/font-awesome.min.css]
[htmldemo.net/malias/malias/fonts/fontawesome-webfont3295.svg]
[htmldemo.net/malias/malias/css/owl.video.play.png]
[htmldemo.net/malias/malias/css/owl.carousel.css]
[htmldemo.net/malias/malias/lib/css/nivo-slider.css]
[htmldemo.net/malias/malias/css/meanmenu.min.css]
[htmldemo.net/malias/malias/css/images/ui-bg_flat_75_ffffff_40x100.png]
[htmldemo.net/malias/malias/css/images/ui-bg_highlight-soft_75_cccccc_1x100.png]
[htmldemo.net/malias/malias/css/images/ui-bg_glass_75_e6e6e6_1x400.png]
[htmldemo.net/malias/malias/css/images/ui-bg_glass_75_dadada_1x400.png]
[htmldemo.net/malias/malias/css/images/ui-bg_glass_65_ffffff_1x400.png]
[htmldemo.net/malias/malias/css/images/ui-bg_glass_55_fbf9ee_1x400.png]
[htmldemo.net/malias/malias/css/images/ui-bg_glass_95_fef1ec_1x400.png]
[htmldemo.net/malias/malias/css/images/ui-icons_222222_256x240.png]
[htmldemo.net/malias/malias/css/images/ui-icons_888888_256x240.png]
[htmldemo.net/malias/malias/css/images/ui-icons_454545_256x240.png]
[htmldemo.net/malias/malias/css/images/ui-icons_2e83ff_256x240.png]
[htmldemo.net/malias/malias/css/images/ui-icons_cd0a0a_256x240.png]
[htmldemo.net/malias/malias/css/images/ui-bg_flat_0_aaaaaa_40x100.png]
[htmldemo.net/malias/malias/css/jquery-ui.css]
[htmldemo.net/malias/malias/css/animate.css]
[htmldemo.net/malias/malias/css/main.css]
[htmldemo.net/malias/malias/img/icon/back-top.png]
[htmldemo.net/malias/malias/img/icon/icon-select-layer.png]
[htmldemo.net/malias/malias/img/icon/grid.png]
[htmldemo.net/malias/malias/img/icon/list.png]
[htmldemo.net/malias/malias/style.css]
[htmldemo.net/malias/malias/css/responsive.css]
[htmldemo.net/malias/malias/img/banner/12.png]
[htmldemo.net/malias/malias/img/product/cart/1.jpg]
[htmldemo.net/malias/malias/img/product/cart/2.jpg]
[htmldemo.net/malias/malias/img/product/cart/3.jpg]
[htmldemo.net/malias/malias/img/product/cart/4.jpg]
[htmldemo.net/malias/malias/my-account.html]
[htmldemo.net/malias/malias/wishlist.html]
[htmldemo.net/malias/malias/checkout.html]
[htmldemo.net/malias/malias/account.html]
[htmldemo.net/malias/malias/cart.html]
[htmldemo.net/malias/malias/img/banner/7.jpg]
[htmldemo.net/malias/malias/img/banner/8.jpg]
[htmldemo.net/malias/malias/img/banner/9.jpg]
[htmldemo.net/malias/malias/img/banner/10.jpg]
[htmldemo.net/malias/malias/img/banner/11.jpg]
[htmldemo.net/malias/malias/img/product/mediam/11.jpg]
[htmldemo.net/malias/malias/index-2.html]
[htmldemo.net/malias/malias/img/about/about.jpg]
[htmldemo.net/malias/malias/img/about/1.jpg]
[htmldemo.net/malias/malias/img/about/2.jpg]
[htmldemo.net/malias/malias/about.html]
[htmldemo.net/malias/malias/shop.html]
[htmldemo.net/malias/malias/shop-list.html]
[htmldemo.net/malias/malias/img/toch/1.jpg]
[htmldemo.net/malias/malias/img/toch/2.jpg]
[htmldemo.net/malias/malias/img/toch/3.jpg]
[htmldemo.net/malias/malias/img/toch/4.jpg]
[htmldemo.net/malias/malias/img/icon/social.png]
[htmldemo.net/malias/malias/product-details.html]
[htmldemo.net/malias/malias/contact.html]
[htmldemo.net/malias/malias/login.html]
[htmldemo.net/malias/malias/wishlist-2.html]
[htmldemo.net/malias/malias/fonts/fontawesome-webfont3295.svg]
[htmldemo.net/malias/malias/css/owl.video.play.html]
[htmldemo.net/malias/malias/css/images/ui-bg_flat_75_ffffff_40x100.html]
[htmldemo.net/malias/malias/css/images/ui-bg_highlight-soft_75_cccccc_1x100.html]
[htmldemo.net/malias/malias/css/images/ui-bg_glass_75_e6e6e6_1x400.html]
[htmldemo.net/malias/malias/css/images/ui-bg_glass_75_dadada_1x400.html]
[htmldemo.net/malias/malias/css/images/ui-bg_glass_65_ffffff_1x400.html]
[htmldemo.net/malias/malias/css/images/ui-bg_glass_55_fbf9ee_1x400.html]
[htmldemo.net/malias/malias/css/images/ui-bg_glass_95_fef1ec_1x400.html]
[htmldemo.net/malias/malias/css/images/ui-icons_222222_256x240.html]
[htmldemo.net/malias/malias/css/images/ui-icons_888888_256x240.html]
[htmldemo.net/malias/malias/css/images/ui-icons_454545_256x240.html]
[htmldemo.net/malias/malias/css/images/ui-icons_2e83ff_256x240.html]
[htmldemo.net/malias/malias/css/images/ui-icons_cd0a0a_256x240.html]
[htmldemo.net/malias/malias/css/images/ui-bg_flat_0_aaaaaa_40x100.html]
